public class Sample knows "share/music.rdf" {
  public class ObjectInner knows "share/abc.rdf" {
  }

  static class StaticInner knows "share/xyz.rdf" {
  }
}
