public class Sample from "music.rdf" {
  public class ObjectInner from "abc.rdf" {
  }

  static class StaticInner from "xyz.rdf" {
  }
}
